[2026-08-03 17:02:04] To: test@example.com
Subject: OTP Test
Your OTP is 123456

[2026-08-04 15:20:23] To: sohampatel1824@gmail.com
Subject: Your CAR Rentals Invoice #INV-20260804-0001
CAR Rentals InvoiceInvoice #: INV-20260804-0001Date: August 4, 2026Booking DetailsCustomer: soham patelEmail: sohampatel1824@gmail.comPhone: 9081020835Car: Honda CR-VPickup: 2026-08-04Return: 2026-08-05Payment SummaryBase Amount: ₹70.00SGST (9%): ₹6.30CGST (9%): ₹6.30Total Paid: ₹82.60Your invoice is attached as a PDF to this email.

  [Attachment: invoice_INV-20260804-0001.pdf]

[2026-08-04 17:59:22] To: sohampatel1824@gmail.com
Subject: Your CAR Rentals login code
Hello soham,Your login OTP for CAR Rentals is:710466This code is valid for 10 minutes.If you did not request this, please ignore this email.

[2026-08-04 18:00:15] To: sohampatel1824@gmail.com
Subject: Booking Confirmed - CAR Rentals #7
Hello soham,Your booking has been received successfully.Booking SummaryBooking ID: 7Car: Honda CR-VPickup: 2026-08-05Return: 2026-08-07PaymentAmount Before GST: ₹140.00SGST (9%): ₹12.60CGST (9%): ₹12.60Total Payable: ₹165.20You can complete your payment here: http://localhost/trial//payment.php?booking_id=7Thank you for choosing CAR Rentals.

[2026-08-04 18:00:26] To: sohampatel1824@gmail.com
Subject: Your CAR Rentals Invoice #INV-20260804-0007
CAR Rentals InvoiceInvoice #: INV-20260804-0007Date: August 4, 2026Booking DetailsCustomer: sohamEmail: sohampatel1824@gmail.comPhone: 09081020835Car: Honda CR-VPickup: 2026-08-05Return: 2026-08-07Payment SummaryBase Amount: ₹140.00SGST (9%): ₹12.60CGST (9%): ₹12.60Total Paid: ₹165.20Your invoice is attached as a PDF to this email.

  [Attachment: invoice_INV-20260804-0007.pdf]

[2026-08-04 18:36:05] To: sohampatel1824@gmail.com
Subject: Your CAR Rentals login code
Hello rahul,Your login OTP for CAR Rentals is:867360This code is valid for 10 minutes.If you did not request this, please ignore this email.

[2026-08-04 18:37:12] To: sohampatel1824@gmail.com
Subject: Booking Confirmed - CAR Rentals #8
Hello rahul,Your booking has been received successfully.Booking SummaryBooking ID: 8Car: Toyota CamryPickup: 2026-08-04Return: 2026-08-07PaymentAmount Before GST: ₹165.00SGST (9%): ₹14.85CGST (9%): ₹14.85Total Payable: ₹194.70You can complete your payment here: http://localhost/trial//payment.php?booking_id=8Thank you for choosing CAR Rentals.

[2026-08-04 18:39:15] To: sohampatel1824@gmail.com
Subject: Your CAR Rentals Invoice #INV-20260804-0008
CAR Rentals InvoiceInvoice #: INV-20260804-0008Date: August 4, 2026GSTIN: 27QAAAA000A12QBooking DetailsCustomer: rahulEmail: sohampatel1824@gmail.comPhone: 7258896452Car: Toyota CamryPickup: 2026-08-04Return: 2026-08-07Payment SummaryBase Amount: ₹165.00SGST (9%): ₹14.85CGST (9%): ₹14.85Total Paid: ₹194.70Your invoice is attached as a PDF to this email.

  [Attachment: invoice_INV-20260804-0008.pdf]

[2026-08-04 18:56:59] To: sohampatel1824@gmail.com
Subject: Your CAR Rentals login code
Hello soham,Your login OTP for CAR Rentals is:438426This code is valid for 10 minutes.If you did not request this, please ignore this email.

[2026-08-04 18:57:58] To: sohampatel1824@gmail.com
Subject: Booking Confirmed - CAR Rentals #9
Hello soham,Your booking has been received successfully.Booking SummaryBooking ID: 9Car: Toyota CamryPickup: 2026-08-06Return: 2026-08-07PaymentAmount Before GST: ₹55.00SGST (9%): ₹4.95CGST (9%): ₹4.95Total Payable: ₹64.90You can complete your payment here: http://localhost/trial//payment.php?booking_id=9Thank you for choosing CAR Rentals.

[2026-08-04 18:58:49] To: sohampatel1824@gmail.com
Subject: Your CAR Rentals Invoice #INV-20260804-0009
CAR Rentals InvoiceInvoice #: INV-20260804-0009Date: August 4, 2026GSTIN: 27QAAAA000A12QBooking DetailsCustomer: sohamEmail: sohampatel1824@gmail.comPhone: 9081020835Car: Toyota CamryPickup: 2026-08-06Return: 2026-08-07Payment SummaryBase Amount: ₹55.00SGST (9%): ₹4.95CGST (9%): ₹4.95Total Paid: ₹64.90Your invoice is attached as a PDF to this email.

  [Attachment: invoice_INV-20260804-0009.pdf]

